2025-10-24 21:08:08,019 [INFO] Logging to: output\alpha\logs\frame_check_session.log
2025-10-24 21:08:08,019 [INFO] --- Starting Frame-Check Test ---
2025-10-24 21:08:08,019 [INFO] Searching for OMUSDT @ 2025-04-13 18:37:00+00:00 in data/backtest_data.npz
2025-10-24 21:09:16,168 [INFO] Logging to: output\alpha\logs\frame_check_session.log
2025-10-24 21:09:16,168 [INFO] --- Starting Frame-Check Test ---
2025-10-24 21:09:16,168 [INFO] Searching for OMUSDT @ 2025-04-13 18:37:00+00:00 in data/backtest_data.npz
2025-10-24 21:09:16,168 [INFO] Loading dataset 'NPZ' from data/backtest_data.npz
2025-10-24 21:09:17,264 [INFO] Loaded 3186 sequences from data/backtest_data.npz
2025-10-24 21:09:17,265 [INFO] Dataset 'NPZ' period: from 2025-03-01 to 2025-05-31
2025-10-24 21:09:17,266 [WARNING] Session not found in NPZ file.
2025-10-24 21:09:17,269 [INFO] Loading session for OMUSDT @ 2025-04-13 18:37:00+00:00 from database.
2025-10-24 21:09:17,370 [INFO] Successfully loaded session from DB.
2025-10-24 21:09:17,371 [ERROR] Could not perform comparison. One of the tensors is missing.
2025-10-24 21:10:58,403 [INFO] Logging to: output\alpha\logs\frame_check_session.log
2025-10-24 21:10:58,403 [INFO] --- Starting Frame-Check Test ---
2025-10-24 21:11:49,937 [INFO] Logging to: output\alpha\logs\frame_check_session.log
2025-10-24 21:11:49,937 [INFO] --- Starting Frame-Check Test ---
2025-10-24 21:11:49,937 [INFO] Loaded normalization stats from C:\Python\Prosperous_Bot\third_party\rl-trading-binance\output\alpha\norm_stats.json
2025-10-24 21:11:49,946 [INFO] Initialized DuelingQNetwork: input=(7, 29, 1), actions=4
2025-10-24 21:11:50,034 [INFO] Initialized DuelingQNetwork: input=(7, 29, 1), actions=4
2025-10-24 21:11:50,037 [INFO] Policy Net with 254.4K parameters created in Agent
2025-10-24 21:11:50,037 [INFO] Target Net with 254.4K parameters created in Agent
2025-10-24 21:11:51,743 [INFO] Initialized PER buffer with capacity=230000, alpha=0.6
2025-10-24 21:11:51,743 [INFO] D3QN_PER_Agent initialized.
2025-10-24 21:11:51,779 [INFO] Model loaded from output\alpha\saved_models\rl_binance_futures_trading_date_20251021_time_215254\best.pth (checkpoint).
2025-10-24 21:11:51,779 [INFO] Loaded agent from output\alpha\saved_models\rl_binance_futures_trading_date_20251021_time_215254\best.pth
2025-10-24 21:11:51,779 [INFO] Searching for OMUSDT @ 2025-04-13 18:37:00+00:00 in data/backtest_data.npz
2025-10-24 21:11:51,779 [INFO] Loading dataset 'NPZ' from data/backtest_data.npz
2025-10-24 21:11:52,841 [INFO] Loaded 3186 sequences from data/backtest_data.npz
2025-10-24 21:11:52,843 [INFO] Dataset 'NPZ' period: from 2025-03-01 to 2025-05-31
2025-10-24 21:11:52,843 [WARNING] Session not found in NPZ file.
2025-10-24 21:11:52,846 [INFO] Loading session for OMUSDT @ 2025-04-13 18:37:00+00:00 from database.
2025-10-24 21:11:52,949 [INFO] Successfully loaded session from DB.
2025-10-24 21:11:52,949 [ERROR] Could not perform comparison. One of the tensors is missing.
